ERROR: El código postal "" del centro: VIRGEN DEL ORO es inválido.
WARNING: El número de teléfono "" del centro: D.TERRITORIAL DE EDUCACIÓN, FORMACIÓN Y TRABAJO - ALICANTE es inválido.
WARNING: El número de teléfono "" del centro: ALICER es inválido.
